{
    "name": "vendor/lib-account-client",
    "description": "AccountClient",
    "version": "2.3.1",
    "autoload": {
        "psr-4": {
            "Paysera\\Test\\AccountClient\\": "src"
        }
    },
    "require": {
        "php": ">=5.5",
        "paysera/lib-rest-client-common": "^1.0 | ^2.5",
        "evp/money": "^1.0 || ^2.0",
        "fig/http-message-util": "^1.0"
    },
    "minimum-stability": "stable"
}
