{
    "name": "vendor/lib-platform-version-client",
    "description": "PlatformVersionClient",
    "version": "1.0",
    "autoload": {
        "psr-4": {
            "Paysera\\Test\\PlatformVersionClient\\": "src"
        }
    },
    "require": {
        "php": "~9.0",
        "paysera/lib-rest-client-common": "^1.0 | ^2.5",
        "fig/http-message-util": "^1.0"
    },
    "minimum-stability": "stable"
}
