{
    "name": "vendor-name/overwritten-library-name",
    "description": "LibraryNameClient",
    "version": "1.0",
    "autoload": {
        "psr-4": {
            "Paysera\\Test\\LibraryNameClient\\": "src"
        }
    },
    "require": {
        "php": ">=5.5",
        "paysera/lib-rest-client-common": "^1.0 | ^2.5",
        "fig/http-message-util": "^1.0"
    },
    "minimum-stability": "stable"
}
